{
    "1": {
        "executable": "test",
        "arguments": ["1", "2"]
    },
    "2": {
        "executable": "test",
        "arguments": ["2", "2"]
    },
    "3": {
        "executable": "test",
        "arguments": ["2", "1"]
    }
}
